generating: palette_002 -> Editorial fashion photograph of a young woman standing, wearing a sage green kni...
  wrote images/generated/palette_002.jpg (112895 bytes)
generating: palette_003 -> Editorial fashion photograph of a young woman standing, wearing a navy blue blaz...
  wrote images/generated/palette_003.jpg (94642 bytes)
generating: palette_004 -> Editorial fashion photograph of a young woman standing, wearing a dusty rose pin...
  wrote images/generated/palette_004.jpg (192834 bytes)
generating: palette_005 -> Editorial fashion photograph of a young woman standing, wearing a slate blue blo...
  wrote images/generated/palette_005.jpg (143885 bytes)
generating: palette_006 -> Editorial fashion photograph of a young woman standing, wearing a deep merlot re...
  wrote images/generated/palette_006.jpg (107656 bytes)
generating: palette_007 -> Editorial fashion photograph of a young woman standing, wearing a seafoam green ...
  wrote images/generated/palette_007.jpg (87623 bytes)
generating: styleguide_001 -> Editorial fashion photograph of a young woman standing, wearing a white button-u...
  wrote images/generated/styleguide_001.jpg (112757 bytes)
generating: styleguide_002 -> Editorial fashion photograph of a young woman standing elegantly, wearing a silk...
  wrote images/generated/styleguide_002.jpg (98061 bytes)
generating: styleguide_003 -> Editorial fashion photograph of a young woman standing, wearing a denim jacket l...
  wrote images/generated/styleguide_003.jpg (172857 bytes)
generating: styleguide_004 -> Editorial fashion photograph of a young woman standing elegantly, wearing a silk...
  wrote images/generated/styleguide_004.jpg (102498 bytes)
generating: styleguide_005 -> Editorial fashion photograph of a young woman standing casually, wearing a tailo...
  wrote images/generated/styleguide_005.jpg (135722 bytes)
generating: styleguide_006 -> Editorial fashion photograph of a young woman standing, wearing wide-leg trouser...
  wrote images/generated/styleguide_006.jpg (79410 bytes)
generating: styleguide_007 -> Close-up editorial product photograph of a brown leather handbag with a colorful...
  wrote images/generated/styleguide_007.jpg (225267 bytes)
done, 13 image(s) generated
